
> nicole-orders-frontapp@0.0.0 build /Users/diegoreyes/projects/work/bakano/clients/nicole-pastry-arts/tools/orders-tools/nicole-orders-frontapp
> run-p type-check "build-only {@}" --


> nicole-orders-frontapp@0.0.0 type-check /Users/diegoreyes/projects/work/bakano/clients/nicole-pastry-arts/tools/orders-tools/nicole-orders-frontapp
> vue-tsc --build


> nicole-orders-frontapp@0.0.0 build-only /Users/diegoreyes/projects/work/bakano/clients/nicole-pastry-arts/tools/orders-tools/nicole-orders-frontapp
> vite build

vite v7.3.1 building client environment for production...
transforming...
✓ 74 modules transformed.
✗ Build failed in 795ms
error during build:
[vite-plugin-pwa:build] There was an error during the build:
  [plugin vite:vue] src/components/SupplyChain/RawMaterialModal.vue (900:1): Invalid end tag.
Additionally, handling the error in the 'buildEnd' hook caused the following error:
  [plugin vite:vue] src/components/SupplyChain/RawMaterialModal.vue (900:1): Invalid end tag.
file: /Users/diegoreyes/projects/work/bakano/clients/nicole-pastry-arts/tools/orders-tools/nicole-orders-frontapp/src/components/SupplyChain/RawMaterialModal.vue:900:1
    at getRollupError (file:///Users/diegoreyes/projects/work/bakano/clients/nicole-pastry-arts/tools/orders-tools/nicole-orders-frontapp/node_modules/.pnpm/rollup@4.55.1/node_modules/rollup/dist/es/shared/parseAst.js:401:41)
    at file:///Users/diegoreyes/projects/work/bakano/clients/nicole-pastry-arts/tools/orders-tools/nicole-orders-frontapp/node_modules/.pnpm/rollup@4.55.1/node_modules/rollup/dist/es/shared/node-entry.js:23467:39
    at async catchUnfinishedHookActions (file:///Users/diegoreyes/projects/work/bakano/clients/nicole-pastry-arts/tools/orders-tools/nicole-orders-frontapp/node_modules/.pnpm/rollup@4.55.1/node_modules/rollup/dist/es/shared/node-entry.js:22925:16)
    at async rollupInternal (file:///Users/diegoreyes/projects/work/bakano/clients/nicole-pastry-arts/tools/orders-tools/nicole-orders-frontapp/node_modules/.pnpm/rollup@4.55.1/node_modules/rollup/dist/es/shared/node-entry.js:23450:5)
    at async buildEnvironment (file:///Users/diegoreyes/projects/work/bakano/clients/nicole-pastry-arts/tools/orders-tools/nicole-orders-frontapp/node_modules/.pnpm/vite@7.3.1_@types+node@24.10.9_sass@1.97.2_terser@5.46.0/node_modules/vite/dist/node/chunks/config.js:33541:12)
    at async Object.build (file:///Users/diegoreyes/projects/work/bakano/clients/nicole-pastry-arts/tools/orders-tools/nicole-orders-frontapp/node_modules/.pnpm/vite@7.3.1_@types+node@24.10.9_sass@1.97.2_terser@5.46.0/node_modules/vite/dist/node/chunks/config.js:33900:19)
    at async Object.buildApp (file:///Users/diegoreyes/projects/work/bakano/clients/nicole-pastry-arts/tools/orders-tools/nicole-orders-frontapp/node_modules/.pnpm/vite@7.3.1_@types+node@24.10.9_sass@1.97.2_terser@5.46.0/node_modules/vite/dist/node/chunks/config.js:33897:153)
    at async CAC.<anonymous> (file:///Users/diegoreyes/projects/work/bakano/clients/nicole-pastry-arts/tools/orders-tools/nicole-orders-frontapp/node_modules/.pnpm/vite@7.3.1_@types+node@24.10.9_sass@1.97.2_terser@5.46.0/node_modules/vite/dist/node/cli.js:629:3)
 ELIFECYCLE  Command failed with exit code 1.
 ELIFECYCLE  Command failed.
ERROR: "build-only" exited with 1.
 ELIFECYCLE  Command failed with exit code 1.
